$molecule
 0 1
  C   -4.1352163   -0.0494190    0.6942676
  C   -4.6202449   -1.1640806    1.4379065
  N   -4.4919262   -1.1946027    2.8693618
  C   -3.9920206   -0.1105224    3.5368685
  C   -3.3949727    0.9793445    2.8146624
  C   -3.2935255    0.9293001    1.3893025
  C   -2.4188537    1.9178361    0.7433821
  C   -2.1667214    3.1335096    1.4483200
  C   -1.6549521    4.2813546    0.7458817
  C   -1.4545178    4.2320055   -0.6059935
  C   -1.5387726    2.9792834   -1.3099209
  C   -1.8358951    1.7803398   -0.5952855
  C   -1.6276996    0.5066420   -1.2876788
  C   -1.6756331    0.5193682   -2.7130823
  C   -1.8808073   -0.7117866   -3.4315274
  C   -2.0646651   -1.8856984   -2.7532151
  C   -1.8281271   -1.9549172   -1.3339987
  C   -1.4311697   -0.7835333   -0.6233007
  C   -0.8799877   -0.9563534    0.7225731
  C   -1.9993344   -3.1972280   -0.6266889
  H   -2.3299390   -2.8081550   -3.2808788
  H   -1.9609825   -0.6693500   -4.5230028
  C   -1.5459398    1.7660490   -3.4223258
  N   -1.3674462    2.9378815   -2.7390732
  H   -1.5357268    1.7418917   -4.5173472
  H   -1.1745638    5.1277281   -1.1707520
  H   -1.5062047    5.2096757    1.3075737
  N   -2.4409787    3.2197949    2.8586968
  C   -2.9320638    2.1377028    3.5337053
  H   -3.0582461    2.1569901    4.6214830
  H   -4.0002939   -0.0650005    4.6311186
  C   -4.6588388    0.1155398   -0.6718722
  C   -5.2995007   -2.2512591    0.7703303
  C   -1.2419255   -2.1381561    1.4348388
  C   -1.8168629   -3.2533917    0.7282274
  C    0.0000000    0.0000000    1.3988441
  H   -2.3459269   -4.0713581   -1.1882841
  C   -1.0407222   -2.2041857    2.8594458
  H   -2.0446844   -4.1638723    1.2928029
  C    0.0000000    0.0000000    2.8249763
  C   -0.5441818   -1.1256700    3.5393931
  C    0.8799877    0.9563534    0.7225731
  H   -1.3632615   -3.1071852    3.3887834
  C    0.5441818    1.1256700    3.5393931
  H   -0.4882011   -1.1228754    4.6332448
  C    1.2419255    2.1381561    1.4348388
  C    1.0407222    2.2041857    2.8594458
  C    1.4311697    0.7835333   -0.6233007
  H    0.4882011    1.1228754    4.6332448
  C    1.8168629    3.2533917    0.7282274
  H    1.3632615    3.1071852    3.3887834
  N    1.9993344    3.1972280   -0.6266889
  C    1.8281271    1.9549172   -1.3339987
  C    1.6276996   -0.5066420   -1.2876788
  H    2.0446844    4.1638723    1.2928029
  C    2.0646651    1.8856984   -2.7532151
  C    1.8808073    0.7117866   -3.4315274
  C    1.6756331   -0.5193682   -2.7130823
  C    1.8358951   -1.7803398   -0.5952855
  H    2.3299390    2.8081550   -3.2808788
  H    1.9609825    0.6693500   -4.5230028
  C    1.5459398   -1.7660490   -3.4223258
  C    1.5387726   -2.9792834   -1.3099209
  C    1.3674462   -2.9378815   -2.7390732
  C    2.4188537   -1.9178361    0.7433821
  H    1.5357268   -1.7418917   -4.5173472
  C    1.4545178   -4.2320055   -0.6059935
  H    1.1757407   -3.8781148   -3.2670173
  C    1.6549521   -4.2813546    0.7458817
  C    2.1667214   -3.1335096    1.4483200
  C    3.2935255   -0.9293001    1.3893025
  H    1.1745638   -5.1277281   -1.1707520
  H    1.5062047   -5.2096757    1.3075737
  C    2.4409787   -3.2197949    2.8586968
  C    3.3949727   -0.9793445    2.8146624
  C    2.9320638   -2.1377028    3.5337053
  H    2.1904319   -4.1491597    3.3811851
  C    3.9920206    0.1105224    3.5368685
  H    3.0582461   -2.1569901    4.6214830
  C    4.1352163    0.0494190    0.6942676
  C    4.4919262    1.1946027    2.8693618
  C    4.6202449    1.1640806    1.4379065
  H    4.0002939    0.0650005    4.6311186
  C    4.6588388   -0.1155398   -0.6718722
  H    4.8874053    2.0606681    3.4106309
  N    5.2995007    2.2512591    0.7703303
  C    5.3402628    0.9788215   -1.3011142
  C    5.5837623    2.1949921   -0.5613488
  C    4.6694225   -1.3683081   -1.3576153
  C    5.8625053    0.8274286   -2.6191577
  H    6.0811629    3.0269596   -1.0713690
  C   -5.3402628   -0.9788215   -1.3011142
  C   -5.5837623   -2.1949921   -0.5613488
  C   -4.6694225    1.3683081   -1.3576153
  H   -5.5755970   -3.1254211    1.3698371
  C   -5.8625053   -0.8274286   -2.6191577
  H   -6.0811629   -3.0269596   -1.0713690
  C    5.7937191   -0.3861714   -3.2780106
  N    5.2205070   -1.5021602   -2.6210502
  H    6.3528393    1.6885105   -3.0859997
  H    6.2128676   -0.4979839   -4.2836143
  H    4.2614476   -2.2487578   -0.8573489
  C   -5.2205070    1.5021602   -2.6210502
  N   -5.7937191    0.3861714   -3.2780106
  H   -4.2614476    2.2487578   -0.8573489
  H   -6.3528393   -1.6885105   -3.0859997
  H   -5.2214171    2.4812238   -3.1119327
$end

$rem
   METHOD                     pbe0
   BASIS                      cc-pvdz
   SCF_CONVERGENCE            10
   THRESH                     14
   SYMMETRY                   FALSE
   SYM_IGNORE                 true
   MAX_SCF_CYCLES = 900
   mem_total =800000
CIS_N_ROOTS    1000
CIS_TRIPLETS   false
$end

--------------------------------------------------------------
 ----------------------------------------------------------------
             Standard Nuclear Orientation (Angstroms)
    I     Atom           X                Y                Z
 ----------------------------------------------------------------
    1      C      -4.1352163000    -0.0494190000     0.6942676000
    2      C      -4.6202449000    -1.1640806000     1.4379065000
    3      N      -4.4919262000    -1.1946027000     2.8693618000
    4      C      -3.9920206000    -0.1105224000     3.5368685000
    5      C      -3.3949727000     0.9793445000     2.8146624000
    6      C      -3.2935255000     0.9293001000     1.3893025000
    7      C      -2.4188537000     1.9178361000     0.7433821000
    8      C      -2.1667214000     3.1335096000     1.4483200000
    9      C      -1.6549521000     4.2813546000     0.7458817000
   10      C      -1.4545178000     4.2320055000    -0.6059935000
   11      C      -1.5387726000     2.9792834000    -1.3099209000
   12      C      -1.8358951000     1.7803398000    -0.5952855000
   13      C      -1.6276996000     0.5066420000    -1.2876788000
   14      C      -1.6756331000     0.5193682000    -2.7130823000
   15      C      -1.8808073000    -0.7117866000    -3.4315274000
   16      C      -2.0646651000    -1.8856984000    -2.7532151000
   17      C      -1.8281271000    -1.9549172000    -1.3339987000
   18      C      -1.4311697000    -0.7835333000    -0.6233007000
   19      C      -0.8799877000    -0.9563534000     0.7225731000
   20      C      -1.9993344000    -3.1972280000    -0.6266889000
   21      H      -2.3299390000    -2.8081550000    -3.2808788000
   22      H      -1.9609825000    -0.6693500000    -4.5230028000
   23      C      -1.5459398000     1.7660490000    -3.4223258000
   24      N      -1.3674462000     2.9378815000    -2.7390732000
   25      H      -1.5357268000     1.7418917000    -4.5173472000
   26      H      -1.1745638000     5.1277281000    -1.1707520000
   27      H      -1.5062047000     5.2096757000     1.3075737000
   28      N      -2.4409787000     3.2197949000     2.8586968000
   29      C      -2.9320638000     2.1377028000     3.5337053000
   30      H      -3.0582461000     2.1569901000     4.6214830000
   31      H      -4.0002939000    -0.0650005000     4.6311186000
   32      C      -4.6588388000     0.1155398000    -0.6718722000
   33      C      -5.2995007000    -2.2512591000     0.7703303000
   34      C      -1.2419255000    -2.1381561000     1.4348388000
   35      C      -1.8168629000    -3.2533917000     0.7282274000
   36      C       0.0000000000     0.0000000000     1.3988441000
   37      H      -2.3459269000    -4.0713581000    -1.1882841000
   38      C      -1.0407222000    -2.2041857000     2.8594458000
   39      H      -2.0446844000    -4.1638723000     1.2928029000
   40      C       0.0000000000     0.0000000000     2.8249763000
   41      C      -0.5441818000    -1.1256700000     3.5393931000
   42      C       0.8799877000     0.9563534000     0.7225731000
   43      H      -1.3632615000    -3.1071852000     3.3887834000
   44      C       0.5441818000     1.1256700000     3.5393931000
   45      H      -0.4882011000    -1.1228754000     4.6332448000
   46      C       1.2419255000     2.1381561000     1.4348388000
   47      C       1.0407222000     2.2041857000     2.8594458000
   48      C       1.4311697000     0.7835333000    -0.6233007000
   49      H       0.4882011000     1.1228754000     4.6332448000
   50      C       1.8168629000     3.2533917000     0.7282274000
   51      H       1.3632615000     3.1071852000     3.3887834000
   52      N       1.9993344000     3.1972280000    -0.6266889000
   53      C       1.8281271000     1.9549172000    -1.3339987000
   54      C       1.6276996000    -0.5066420000    -1.2876788000
   55      H       2.0446844000     4.1638723000     1.2928029000
   56      C       2.0646651000     1.8856984000    -2.7532151000
   57      C       1.8808073000     0.7117866000    -3.4315274000
   58      C       1.6756331000    -0.5193682000    -2.7130823000
   59      C       1.8358951000    -1.7803398000    -0.5952855000
   60      H       2.3299390000     2.8081550000    -3.2808788000
   61      H       1.9609825000     0.6693500000    -4.5230028000
   62      C       1.5459398000    -1.7660490000    -3.4223258000
   63      C       1.5387726000    -2.9792834000    -1.3099209000
   64      C       1.3674462000    -2.9378815000    -2.7390732000
   65      C       2.4188537000    -1.9178361000     0.7433821000
   66      H       1.5357268000    -1.7418917000    -4.5173472000
   67      C       1.4545178000    -4.2320055000    -0.6059935000
   68      H       1.1757407000    -3.8781148000    -3.2670173000
   69      C       1.6549521000    -4.2813546000     0.7458817000
   70      C       2.1667214000    -3.1335096000     1.4483200000
   71      C       3.2935255000    -0.9293001000     1.3893025000
   72      H       1.1745638000    -5.1277281000    -1.1707520000
   73      H       1.5062047000    -5.2096757000     1.3075737000
   74      C       2.4409787000    -3.2197949000     2.8586968000
   75      C       3.3949727000    -0.9793445000     2.8146624000
   76      C       2.9320638000    -2.1377028000     3.5337053000
   77      H       2.1904319000    -4.1491597000     3.3811851000
   78      C       3.9920206000     0.1105224000     3.5368685000
   79      H       3.0582461000    -2.1569901000     4.6214830000
   80      C       4.1352163000     0.0494190000     0.6942676000
   81      C       4.4919262000     1.1946027000     2.8693618000
   82      C       4.6202449000     1.1640806000     1.4379065000
   83      H       4.0002939000     0.0650005000     4.6311186000
   84      C       4.6588388000    -0.1155398000    -0.6718722000
   85      H       4.8874053000     2.0606681000     3.4106309000
   86      N       5.2995007000     2.2512591000     0.7703303000
   87      C       5.3402628000     0.9788215000    -1.3011142000
   88      C       5.5837623000     2.1949921000    -0.5613488000
   89      C       4.6694225000    -1.3683081000    -1.3576153000
   90      C       5.8625053000     0.8274286000    -2.6191577000
   91      H       6.0811629000     3.0269596000    -1.0713690000
   92      C      -5.3402628000    -0.9788215000    -1.3011142000
   93      C      -5.5837623000    -2.1949921000    -0.5613488000
   94      C      -4.6694225000     1.3683081000    -1.3576153000
   95      H      -5.5755970000    -3.1254211000     1.3698371000
   96      C      -5.8625053000    -0.8274286000    -2.6191577000
   97      H      -6.0811629000    -3.0269596000    -1.0713690000
   98      C       5.7937191000    -0.3861714000    -3.2780106000
   99      N       5.2205070000    -1.5021602000    -2.6210502000
  100      H       6.3528393000     1.6885105000    -3.0859997000
  101      H       6.2128676000    -0.4979839000    -4.2836143000
  102      H       4.2614476000    -2.2487578000    -0.8573489000
  103      C      -5.2205070000     1.5021602000    -2.6210502000
  104      N      -5.7937191000     0.3861714000    -3.2780106000
  105      H      -4.2614476000     2.2487578000    -0.8573489000
  106      H      -6.3528393000    -1.6885105000    -3.0859997000
  107      H      -5.2214171000     2.4812238000    -3.1119327000
 ----------------------------------------------------------------

