$molecule
0 1
  C    8.6785688    0.3151908   -1.3530385
  C    8.7987348    0.2643447   -2.7767874
  C    8.6271367    1.4608676   -3.5592635
  C    8.4034115    2.6620707   -2.9462416
  C    8.1062872    2.7166607   -1.5385299
  C    8.0550692    1.5128261   -0.7741913
  C    7.4483649    1.5832385    0.5587707
  C    7.4511000    2.8492690    1.2168123
  C    7.2775278    2.9106418    2.6453228
  C    7.1751743    1.7598247    3.3786468
  C    6.9998593    0.4882155    2.7250132
  C    6.9399413    0.4286299    1.3014906
  C    6.4431332   -0.8044647    0.6886753
  C    6.5684359   -2.0068558    1.4453217
  N    6.4630737   -3.2806808    0.7825337
  C    6.2825503   -3.3418888   -0.5727002
  C    5.9700791   -2.1540230   -1.3247318
  C    5.8692434   -0.8982280   -0.6553953
  C    5.2333339    0.2079608   -1.3766071
  C    5.7830668   -2.2189962   -2.7513065
  C    6.8215343   -1.9374564    2.8616521
  C    6.9162843   -0.7269722    3.4929478
  H    6.8727784   -2.8747564    3.4261104
  H    7.1652115    1.7862809    4.4736611
  H    7.3179789    3.8906683    3.1326362
  N    7.6750332    4.0501094    0.4548472
  C    7.8842887    3.9858329   -0.8956395
  H    7.9672519    4.8955014   -1.4999003
  H    8.3867739    3.5960907   -3.5180436
  H    8.7625491    1.3946104   -4.6441013
  C    5.2638272    0.1634405   -2.8020108
  C    5.5544108   -1.0782546   -3.4715100
  C    4.5935462    1.3680252   -0.7491009
  H    5.9074746   -3.1869066   -3.2485054
  N    5.0142747    1.3626570   -3.5591359
  H    5.5229640   -1.0978622   -4.5661726
  C    4.5541311    2.5813684   -1.4976895
  C    4.7841897    2.5501379   -2.9193997
  C    4.0087093    1.3824030    0.5944513
  C    4.2870410    3.8267245   -0.8259997
  C    3.9549108    2.6349015    1.2750035
  C    4.1100689    3.8579171    0.5308270
  C    3.4888025    0.2070253    1.2970512
  H    4.3031246    4.7491041   -1.4163876
  C    3.7477177    2.6625213    2.7001193
  H    4.0128312    4.8078785    1.0672087
  C    3.6450261    1.4956552    3.4077021
  C    3.4997520    0.2368809    2.7232124
  C    2.9713985   -1.0007727    0.6494578
  H    3.5997680    1.5000336    4.5020313
  C    3.3701822   -0.9916251    3.4628026
  C    3.2691792   -2.1876189    2.8053489
  C    3.0494210   -2.2221723    1.3824835
  C    2.3908323   -1.0532175   -0.6952373
  H    3.4290431   -0.9493638    4.5556552
  H    3.2820878   -3.1363712    3.3524851
  N    2.9180007   -3.4785869    0.6916424
  C    2.4638816   -2.2962613   -1.3918318
  C    2.7490420   -3.5069022   -0.6661013
  C    1.7473920    0.0709977   -1.3824482
  C    2.2608769   -2.3281593   -2.8173247
  H    2.7559229   -4.4529682   -1.2178214
  C    2.0307010   -1.1708818   -3.5099338
  C    1.7524336    0.0560344   -2.8092329
  C    1.1035290    1.2114541   -0.7228710
  H    2.3696212   -3.2862754   -3.3367721
  H    1.9833428   -1.1664123   -4.6041280
  C    1.4806835    1.2681113   -3.5375995
  C    1.0407139    2.4397715   -1.4457838
  C    1.2504085    2.4404150   -2.8707532
  C    0.7630237    3.6675793   -0.7466226
  H    1.1480234    3.3876739   -3.4110835
  C    0.5210980    1.1913038    0.6220928
  C    0.5943313    3.6689939    0.6114821
  C    0.4546191    2.4286385    1.3292241
  H    0.7631827    4.6017135   -1.3183891
  C    0.0000000    0.0000000    1.2969085
  H    0.4883301    4.6062470    1.1681689
  C    0.2417351    2.4251530    2.7535850
  C    0.0000000    0.0000000    2.7236327
  C    0.1394618    1.2434697    3.4360984
  C   -0.5210980   -1.1913038    0.6220928
  C   -0.1394618   -1.2434697    3.4360984
  H    0.0877746    1.2242886    4.5299556
  C   -0.2417351   -2.4251530    2.7535850
  C   -0.4546191   -2.4286385    1.3292241
  C   -1.1035290   -1.2114541   -0.7228710
  H   -0.0877746   -1.2242886    4.5299556
  H   -0.2373424   -3.3849949    3.2811344
  C   -0.5943313   -3.6689939    0.6114821
  C   -0.7630237   -3.6675793   -0.7466226
  C   -1.0407139   -2.4397715   -1.4457838
  C   -1.7473920   -0.0709977   -1.3824482
  H   -0.4883301   -4.6062470    1.1681689
  C   -1.2504085   -2.4404150   -2.8707532
  C   -1.4806835   -1.2681113   -3.5375995
  C   -1.7524336   -0.0560344   -2.8092329
  C   -2.3908323    1.0532175   -0.6952373
  H   -1.1480234   -3.3876739   -3.4110835
  H   -1.5341258   -1.2400417   -4.6311463
  N   -2.0307010    1.1708818   -3.5099338
  C   -2.2608769    2.3281593   -2.8173247
  C   -2.4638816    2.2962613   -1.3918318
  C   -2.9713985    1.0007727    0.6494578
  H   -2.3696212    3.2862754   -3.3367721
  C   -2.7490420    3.5069022   -0.6661013
  C   -2.9180007    3.4785869    0.6916424
  C   -3.0494210    2.2221723    1.3824835
  C   -3.4888025   -0.2070253    1.2970512
  H   -2.7559229    4.4529682   -1.2178214
  C   -3.2691792    2.1876189    2.8053489
  C   -3.3701822    0.9916251    3.4628026
  C   -3.4997520   -0.2368809    2.7232124
  H   -3.0310959    4.4031796    1.2678086
  C   -4.0087093   -1.3824030    0.5944513
  H   -3.2820878    3.1363712    3.3524851
  H   -3.4290431    0.9493638    4.5556552
  C   -3.6450261   -1.4956552    3.4077021
  C   -3.7477177   -2.6625213    2.7001193
  C   -3.9549108   -2.6349015    1.2750035
  C   -4.5935462   -1.3680252   -0.7491009
  H   -3.5997680   -1.5000336    4.5020313
  H   -3.7509506   -3.6331078    3.2076227
  C   -4.1100689   -3.8579171    0.5308270
  N   -4.2870410   -3.8267245   -0.8259997
  C   -4.5541311   -2.5813684   -1.4976895
  C   -5.2333339   -0.2079608   -1.3766071
  H   -4.0128312   -4.8078785    1.0672087
  C   -4.7841897   -2.5501379   -2.9193997
  C   -5.0142747   -1.3626570   -3.5591359
  C   -5.2638272   -0.1634405   -2.8020108
  C   -5.8692434    0.8982280   -0.6553953
  H   -4.7006581   -3.4872429   -3.4803657
  H   -5.0863779   -1.3123097   -4.6508280
  C   -5.5544108    1.0782546   -3.4715100
  C   -5.7830668    2.2189962   -2.7513065
  C   -5.9700791    2.1540230   -1.3247318
  C   -6.4431332    0.8044647    0.6886753
  H   -5.5229640    1.0978622   -4.5661726
  H   -5.9074746    3.1869066   -3.2485054
  C   -6.2825503    3.3418888   -0.5727002
  C   -6.5684359    2.0068558    1.4453217
  C   -6.4630737    3.2806808    0.7825337
  C   -6.9399413   -0.4286299    1.3014906
  H   -6.3098970    4.2994437   -1.1036366
  C   -6.8215343    1.9374564    2.8616521
  H   -6.6058604    4.1899909    1.3762268
  C   -6.9162843    0.7269722    3.4929478
  C   -6.9998593   -0.4882155    2.7250132
  C   -7.4483649   -1.5832385    0.5587707
  H   -6.8727784    2.8747564    3.4261104
  H   -7.0101414    0.6618496    4.5822569
  C   -7.1751743   -1.7598247    3.3786468
  C   -7.2775278   -2.9106418    2.6453228
  C   -7.4511000   -2.8492690    1.2168123
  C   -8.0550692   -1.5128261   -0.7741913
  H   -7.1652115   -1.7862809    4.4736611
  H   -7.3179789   -3.8906683    3.1326362
  C   -7.6750332   -4.0501094    0.4548472
  C   -8.1062872   -2.7166607   -1.5385299
  C   -7.8842887   -3.9858329   -0.8956395
  H   -7.6195668   -5.0129068    0.9740027
  C   -8.4034115   -2.6620707   -2.9462416
  H   -7.9672519   -4.8955014   -1.4999003
  N   -8.6271367   -1.4608676   -3.5592635
  C   -8.7987348   -0.2643447   -2.7767874
  H   -8.3867739   -3.5960907   -3.5180436
  H    6.3098970   -4.2994437   -1.1036366
  H    7.0101414   -0.6618496    4.5822569
  H    4.7006581    3.4872429   -3.4803657
  H    3.7509506    3.6331078    3.2076227
  H    1.5341258    1.2400417   -4.6311463
  H    0.2373424    3.3849949    3.2811344
  H   -0.7631827   -4.6017135   -1.3183891
  C   -8.6785688   -0.3151908   -1.3530385
  C   -9.1325439    0.9722672   -3.4297710
  C   -9.2701618    0.7903101   -0.5934307
  C   -9.3649753    2.1041912   -2.6977134
  C   -9.4910486    2.0256394   -1.2677130
  H   -9.1587393    0.9905829   -4.5245609
  C   -9.8141734    0.6697661    0.7685807
  C   -9.9085817    3.1966874   -0.5301339
  N    9.1325439   -0.9722672   -3.4297710
  C    9.2701618   -0.7903101   -0.5934307
  C    9.4910486   -2.0256394   -1.2677130
  C    9.3649753   -2.1041912   -2.6977134
  C    9.8141734   -0.6697661    0.7685807
  C    9.9085817   -3.1966874   -0.5301339
  H    9.5550884   -3.0657151   -3.1864316
  C   10.2295503   -1.8501594    1.4695620
  C   10.1969656   -3.1296529    0.8005900
  C  -10.1969656    3.1296529    0.8005900
  C  -10.2295503    1.8501594    1.4695620
  C  -10.1048141   -0.5867136    1.3813385
  H   -9.9842243    4.1433546   -1.0760756
  C   10.1048141    0.5867136    1.3813385
  H    9.9842243   -4.1433546   -1.0760756
  C   10.7669316   -1.7417553    2.7862860
  H   10.4950953   -4.0216307    1.3619586
  H  -10.4950953    4.0216307    1.3619586
  N  -10.7669316    1.7417553    2.7862860
  C   10.6645867    0.6686386    2.6451021
  C   10.9685173   -0.5067531    3.3742694
  C  -10.6645867   -0.6686386    2.6451021
  C  -10.9685173    0.5067531    3.3742694
  H   -9.9084000   -1.5052540    0.8251286
  H    9.9084000    1.5052540    0.8251286
  H   11.0497894   -2.6613727    3.3100519
  H   10.8822776    1.6500410    3.0795713
  H   11.3965918   -0.4326032    4.3796546
  H  -10.8822776   -1.6500410    3.0795713
  H  -11.3965918    0.4326032    4.3796546
  H   -9.5550884    3.0657151   -3.1864316
$end

$rem
   METHOD                     pbe0
   BASIS                      cc-pvdz
   SCF_CONVERGENCE            10
   THRESH                     14
   SYMMETRY                   true
   SYM_IGNORE                 false
   mem_total = 50000
$end
--------------------------------------------------------------
 ----------------------------------------------------------------
             Standard Nuclear Orientation (Angstroms)
    I     Atom           X                Y                Z
 ----------------------------------------------------------------
    1      C       8.6786484736     1.3660577685     0.2611042926
    2      C       8.7988799666     2.7869305721     0.1574173222
    3      C       8.6276907409     3.6132858246     1.3241276765
    4      C       8.4042964677     3.0452817205     2.5473218715
    5      C       8.1071087354     1.6405860740     2.6542084497
    6      C       8.0554806769     0.8320996502     1.4795856297
    7      C       7.4487220294    -0.4972894816     1.5996030746
    8      C       7.4518052255    -1.1078917640     2.8891823865
    9      C       7.2781704697    -2.5331285708     3.0035816606
   10      C       7.1754248224    -3.3086506397     1.8808042212
   11      C       6.9997597851    -2.7026486027     0.5858657996
   12      C       6.9399046126    -1.2823140209     0.4735081696
   13      C       6.4427558972    -0.7156508645    -0.7813301446
   14      C       6.5676494074    -1.5164088435    -1.9548492833
   15      N       6.4619370127    -0.9013457149    -3.2523628648
   16      C       6.2814720677     0.4506952190    -3.3637709325
   17      C       5.9694053808     1.2463152542    -2.2045392561
   18      C       5.8689140226     0.6240530407    -0.9247379061
   19      C       5.2333824264     1.3858652714     0.1541145997
   20      C       5.7824544474     2.6695085439    -2.3223556396
   21      C       6.8206883682    -2.9292051246    -1.8330099167
   22      C       6.9157710664    -3.5151476916    -0.5999590619
   23      H       6.8716149377    -3.5280640405    -2.7487308915
   24      H       7.1654077953    -4.4019280084     1.9478844666
   25      H       7.3188922824    -2.9837373026     4.0010063880
   26      N       7.6761474289    -0.3019000979     4.0608489635
   27      C       7.8854601607     1.0452564651     3.9464329038
   28      H       7.9687347346     1.6828558276     4.8330236691
   29      H       8.3879758154     3.6513551884     3.4594821015
   30      H       8.7631446632     4.6949080222     1.2176136231
   31      C       5.2639432441     2.8086326147     0.0567147550
   32      C       5.5541867962     3.4315677756    -1.2090597883
   33      C       4.5939123218     0.8018884175     1.3368617255
   34      H       5.9065957786     3.1304343960    -3.3080893147
   35      N       5.0147990004     3.6097596117     1.2270812624
   36      H       5.5227962908     4.5247506803    -1.2692705858
   37      C       4.5549092843     1.5949947603     2.5215985129
   38      C       4.7850392293     3.0145507734     2.4375560813
   39      C       4.0090034075    -0.5401647194     1.4012696025
   40      C       4.2881602214     0.9700047783     3.7911057340
   41      C       3.9555476052    -1.1737604542     2.6781787575
   42      C       4.1111204528    -0.3847174588     3.8726862281
   43      C       3.4886987487    -1.2858669190     0.2529344034
   44      H       4.3045582800     1.5942171022     4.6909339173
   45      C       3.7482818659    -2.5968552831     2.7587324589
   46      H       4.0141415258    -0.8854671091     4.8419292500
   47      C       3.6451946956    -3.3472494888     1.6189618459
   48      C       3.4995762203    -2.7099383151     0.3356952410
   49      C       2.9709638158    -0.6835093866    -0.9779092349
   50      H       3.5998756861    -4.4406591973     1.6639647422
   51      C       3.3695902605    -3.4946036788    -0.8644767910
   52      C       3.2682604629    -2.8819829247    -2.0840161413
   53      C       3.0485726833    -1.4613651788    -2.1712861244
   54      C       2.3904581590     0.6583524959    -1.0800481231
   55      H       3.4284018659    -4.5851389523    -0.7817033602
   56      H       3.2808490321    -3.4639540910    -3.0118128161
   57      N       2.9168090872    -0.8176203493    -3.4524345612
   58      C       2.4631685520     1.3083290590    -2.3481102874
   59      C       2.7479190008     0.5381486135    -3.5310692320
   60      C       1.7473993185     1.3868567772     0.0180825141
   61      C       2.2602352297     2.7316699029    -2.4328292772
   62      H       2.7545431907     1.0543768238    -4.4969614863
   63      C       2.0304511444     3.4667675452    -1.3019843484
   64      C       1.7525175166     2.8121028517    -0.0498242562
   65      C       1.1038461191     0.7701035843     1.1824266317
   66      H       2.3687173096     3.2151934904    -3.4095963753
   67      H       1.9831565449     4.5603770297    -1.3381124422
   68      C       1.4811779544     3.5849699615     1.1344678129
   69      C       1.0414461821     1.5381091475     2.3830872795
   70      C       1.2512220196     2.9621064420     2.3307820829
   71      C       0.7640901134     0.8850161439     3.6360810402
   72      H       1.1491561129     3.5372270695     3.2573660132
   73      C       0.5213325101    -0.5746417846     1.2123818592
   74      C       0.5953209039    -0.4720889272     3.6879489788
   75      C       0.4551901789    -1.2353602181     2.4751279236
   76      H       0.7645660931     1.4910572300     4.5483516332
   77      C      -0.0001666180    -1.2931699094     0.0471007378
   78      H       0.4895734526    -0.9936007345     4.6452486877
   79      C       0.2422241108    -2.6588546896     2.5245714588
   80      C      -0.0002477695    -2.7189112017     0.1000507484
   81      C       0.1395521543    -3.3847467052     1.3690633274
   82      C      -0.5215889797    -0.6629964305    -1.1682692494
   83      C      -0.1401287427    -3.4770254256    -1.1160783561
   84      H       0.0877968978    -4.4785586640     1.3905073810
   85      C      -0.2427230570    -2.8388310440    -2.3222467227
   86      C      -0.4555270912    -1.4155662745    -2.3785277905
   87      C      -1.1039495869     0.6803326390    -1.2381452963
   88      H      -0.0884979223    -4.5694206931    -1.0563297722
   89      H      -0.2386526503    -3.4016398918    -3.2618497084
   90      C      -0.5955761665    -0.7443425079    -3.6446239588
   91      C      -0.7641908793     0.6128905532    -3.6935626909
   92      C      -1.0414674121     1.3571566087    -2.4924648649
   93      C      -1.7474277535     1.3818250460    -0.1227589516
   94      H      -0.4898920434    -1.3354372684    -4.5606030368
   95      C      -1.2510811464     2.7811347167    -2.5459294378
   96      C      -1.4809612214     3.4910449814    -1.3991124970
   97      C      -1.7523836419     2.8081824728    -0.1607566933
   98      C      -2.3905647705     0.7368544026     1.0263805974
   99      H      -1.1489537721     3.2859301938    -3.5126199215
  100      H      -1.5343327707     4.5848837964    -1.4116308850
  101      N      -2.0302375586     3.5539541170     1.0393931784
  102      C      -2.2601004344     2.9047878723     2.2216477058
  103      C      -2.4631959195     1.4791070350     2.2427373428
  104      C      -2.9712233985    -0.6088211236     1.0240530390
  105      H      -2.3685234225     3.4594433630     3.1598583045
  106      C      -2.7480289267     0.7988264300     3.4795643548
  107      C      -2.9170734688    -0.5590212368     3.5017095591
  108      C      -3.0489156544    -1.2960067302     2.2718394894
  109      C      -3.4890320011    -1.3007581031    -0.1587223358
  110      H      -2.7545903534     1.3852782309     4.4045046365
  111      C      -3.2687652978    -2.7191592858     2.2901831043
  112      C      -3.3701698867    -3.4205400575     1.1194439080
  113      C      -3.5000717114    -2.7270440674    -0.1356249413
  114      H      -3.0299198831    -1.1004684059     4.4470826733
  115      C      -4.0092567327    -0.6422285817    -1.3592087105
  116      H      -3.2814161087    -3.2307066466     3.2585915071
  117      H      -3.4291058140    -4.5142041946     1.1177885473
  118      C      -3.6457680536    -3.4577691679    -1.3680846182
  119      C      -3.7487747299    -2.7939727183    -2.5603762675
  120      C      -3.9558783494    -1.3687995464    -2.5856032023
  121      C      -4.5940128058     0.7009714649    -1.3945273305
  122      H      -3.6005735340    -4.5515100353    -1.3318598423
  123      H      -3.7523320545    -3.3371476209    -3.5114581133
  124      C      -4.1113665402    -0.6705149071    -3.8353479131
  125      N      -4.2882519574     0.6865467489    -3.8544792288
  126      C      -4.5549246095     1.4040108775    -2.6348288504
  127      C      -5.2334115258     1.3711424000    -0.2583574758
  128      H      -4.0144486315    -1.2417896020    -4.7647774703
  129      C      -4.7848928221     2.8259163576    -2.6563142710
  130      C      -5.0145798174     3.5092984572    -1.4933245072
  131      C      -5.2638101909     2.7972184609    -0.2667596370
  132      C      -5.8690251664     0.6915247541     0.8740276924
  133      H      -4.7016146812     3.3517114443    -3.6136180056
  134      H      -5.0866055875     4.6021119134    -1.4835060712
  135      C      -5.5539775814     3.5123592289     0.9493206631
  136      C      -5.7823271623     2.8350037947     2.1160743347
  137      C      -5.9694403816     1.4070132938     2.1041468756
  138      C      -6.4430199413    -0.6550606098     0.8303849066
  139      H      -5.5224625482     4.6069932407     0.9282790414
  140      H      -5.9064119326     3.3677906759     3.0649029274
  141      C      -6.2815926188     0.6996063175     3.3191988448
  142      C      -6.5679995268    -1.3665528837     2.0600668761
  143      C      -6.4622117340    -0.6569532364     3.3083843597
  144      C      -6.9402383699    -1.3131836844    -0.3789665831
  145      H      -6.3086175282     1.2657165187     4.2563976410
  146      C      -6.8211996081    -2.7844659084     2.0433560406
  147      H      -6.6047552975    -1.2164803903     4.2391448516
  148      C      -6.9163541219    -3.4602449091     0.8571637364
  149      C      -7.0002554811    -2.7379328985    -0.3856618338
  150      C      -7.4489712956    -0.6137917820    -1.5601906106
  151      H      -6.8721903898    -3.3137458523     3.0009744935
  152      H      -7.0102930076    -4.5512140535     0.8325418922
  153      C      -7.1759948751    -3.4382974510    -1.6320836520
  154      C      -7.2786571002    -2.7481819320    -2.8092927939
  155      C      -7.4521293499    -1.3183660154    -2.8009261310
  156      C      -8.0555783066     0.7209064613    -1.5391135945
  157      H      -7.1661024158    -4.5335399142    -1.6178853730
  158      H      -7.3194343492    -3.2715285544    -3.7705462000
  159      C      -7.6763848729    -0.6014773570    -4.0291503246
  160      C      -8.1071194146     1.4400440917    -2.7704702065
  161      C      -7.8855439746     0.7504787087    -4.0149754819
  162      H      -7.6212411911    -1.1560112553    -4.9720337310
  163      C      -8.4041470069     2.8488322263    -2.7680724279
  164      H      -7.9687498083     1.3205683640    -4.9464181055
  165      N      -8.6274715434     3.5060272685    -1.5903803925
  166      C      -8.7987497829     2.7685084576    -0.3655899722
  167      H      -8.3877613070     3.3855748997    -3.7226752295
  168      H       6.3085573759     0.9457262658    -4.3403790106
  169      H       7.0095860334    -4.6012958401    -0.4944821674
  170      H       4.7018249034     3.6099147583     3.3532215572
  171      H       3.7517814573    -3.0679879157     3.7474842487
  172      H       1.5346739047     4.6767180004     1.0658166032
  173      H       0.2380936905    -3.1504177565     3.5033323229
  174      H      -0.7646018154     1.1495946573    -4.6482732204
  175      C      -8.6786802542     1.3438451770    -0.3635977659
  176      C      -9.1321451585     3.4669592964     0.8460366359
  177      C      -9.2699797903     0.6258294333     0.7695115747
  178      C      -9.3642734986     2.7774309387     2.0044198647
  179      C      -9.4904520505     1.3455090031     1.9790318834
  180      H      -9.1582727087     4.5616765022     0.8237166990
  181      C      -9.8141055423    -0.7396803182     0.6997633478
  182      C      -9.9076704820     0.6519275705     3.1767730130
  183      N       9.1323496251     3.3935472182    -1.1026776424
  184      C       9.2698615975     0.5659045396    -0.8156224044
  185      C       9.4904105634     1.1938605084    -2.0751919868
  186      C       9.3643946870     2.6199690433    -2.2067231685
  187      C       9.8138324083    -0.7907318582    -0.6447775281
  188      C       9.9075450885     0.4133000160    -3.2181855749
  189      H       9.5542427775     3.0726525827    -3.1857798552
  190      C      10.2288099693    -1.5350664487    -1.7984675800
  191      C      10.1958736967    -0.9140389145    -3.1018972558
  192      C     -10.1961504721    -0.6803477578     3.1592589976
  193      C     -10.2291628463    -1.3963424790     1.9054844331
  194      C     -10.1051636986    -1.3986278718    -0.5330215669
  195      H      -9.9829937510     1.2326319502     4.1025493137
  196      C      10.1048208579    -1.3564556149     0.6334899431
  197      H       9.9829304634     0.9237268093    -4.1844849406
  198      C      10.7661493596    -2.8468967422    -1.6414329872
  199      H      10.4936998314    -1.5081450404    -3.9725165316
  200      H     -10.4940404675    -1.2082053489     4.0715464155
  201      N     -10.7666520259    -2.7161459342     1.8461849875
  202      C      10.6645464961    -2.6163462382     0.7620913935
  203      C      10.9680776824    -3.3886541922    -0.3855207590
  204      C     -10.6650331015    -2.6645231687    -0.5678189085
  205      C     -10.9686472371    -3.3495451298     0.6339164113
  206      H      -9.9089976804    -0.8769043128    -1.4716310913
  207      H       9.9087181136    -0.7665257489     1.5308142350
  208      H      11.0486973171    -3.4044508208    -2.5410637540
  209      H      10.8825115250    -3.0141081894     1.7588763055
  210      H      11.3961175558    -4.3906240022    -0.2742384500
  211      H     -10.8830475552    -3.1351009832    -1.5323549125
  212      H     -11.3968014822    -4.3569604474     0.5972598177
  213      H      -9.5540659930     3.3015104177     2.9472009574
 ----------------------------------------------------------------
 Molecular Point Group                 C1    NOp =  1
 Largest Abelian Subgroup              C1    NOp =  1
 Nuclear Repulsion Energy =       36284.59339700 hartrees
