$molecule
0 1
C    8.3696214285   0.2385002999  -1.5185067339
C    8.1781152998   0.1452134449  -2.9688813791
C    7.9764975120   1.3391682550  -3.7454979673
C    8.0043526509   2.5727142870  -3.1087738930
C    7.9912110592   2.6835382228  -1.6440039805
C    7.9860238971   1.5098573903  -0.8222599473
C    7.6495499737   1.6896651513   0.6387561738
C    7.8472854921   3.0043115126   1.2127039890
C    7.8902662274   3.2046084002   2.6600664464
C    7.7950010007   2.1298839166   3.5089801228
C    7.4357750122   0.8193298753   2.9859996859
C    7.1882462078   0.6289769264   1.5727675100
C    6.5266923205  -0.6429547583   1.1655792354
C    6.6571195521  -1.7755952679   2.0317191294
C    6.3759365722  -3.1075609752   1.5067609021
C    6.0427198188  -3.2978814163   0.1755620707
C    5.7302428111  -2.1635707625  -0.6629635582
C    5.7775522289  -0.8498978201  -0.0895672855
C    5.1178065331   0.2231304173  -0.8248918880
C    5.3967135288  -2.3073637939  -2.0687767879
H    6.5145508259  -3.9677310237   2.1767680393
C    7.0659100817  -1.5782586901   3.4131275829
C    7.3345231826  -0.3051250759   3.8959584983
H    7.0975732817  -2.4583727900   4.0741499335
H    7.9340422941   2.2512135105   4.6029289565
H    8.0807628461   4.2264295431   3.0500620921
C    8.0280938736   4.1505534223   0.3536086601
C    8.0000097676   4.0041418432  -1.0258491094
H    8.0495915188   4.8751272708  -1.6925450809
H    7.9634647931   3.4993397894  -3.6915973495
H    7.8808118738   1.2329971645  -4.8567430282
C    5.0286437242   0.1125422984  -2.2430613360
C    5.1854528228  -1.1968933034  -2.8503564075
C    4.5560280475   1.4100342388  -0.1903228467
H    5.4057940274  -3.3166795216  -2.5143101008
C    4.7830845823   1.3106005653  -3.0082213450
H    5.0577381539  -1.2966840703  -3.9411027399
C    4.5307918501   2.6155655052  -0.9414893340
C    4.6719244653   2.5318397214  -2.3786086900
C    4.0123191389   1.4195437518   1.1623041817
H    4.7643758917   1.2339482557  -4.1049848106
C    4.3583754098   3.8665465192  -0.2398613244
C    4.0315485057   2.6618312550   1.8644606273
C    4.2335206579   3.8850374375   1.1268954957
C    3.4559426740   0.2378290740   1.8254652433
H    4.3955202040   4.7994522116  -0.8135578985
C    3.8492509009   2.6677183277   3.2930900378
H    4.2049125290   4.8340825489   1.6775848685
C    3.6854974685   1.4852205802   3.9666362251
C    3.4725047389   0.2479389357   3.2543982944
C    2.9270777833  -0.9559703489   1.1416909059
H    3.6500074519   1.4609932902   5.0615474095
C    3.2964686744  -0.9807933697   3.9834068984
C    3.1539886314  -2.1630758375   3.3107061541
C    2.9560890549  -2.1783302210   1.8827258343
C    2.4192769773  -1.0244909873  -0.2464544392
H    3.3538061505  -0.9516516202   5.0767927488
H    3.1262244588  -3.1193549247   3.8457516752
C    2.8149070988  -3.4411127919   1.2035432438
C    2.4870404848  -2.2804761038  -0.9177381866
C    2.6998193657  -3.4892135996  -0.1592261850
C    1.8345886854   0.0820968133  -1.0193032665
C    2.3433865981  -2.3318615910  -2.3545783464
H    2.7001174730  -4.4457364314  -0.6931144516
C    2.1820527029  -1.1887155866  -3.0973127641
C    1.9063210361   0.0633075878  -2.4397820018
C    1.1350865183   1.2076037066  -0.4240790916
H    2.4454731594  -3.3072731143  -2.8436298738
H    2.1863487059  -1.2202866930  -4.1940680476
C    1.6797262865   1.2923937192  -3.1646464117
C    1.1297696396   2.4613153182  -1.0936209555
C    1.4312184912   2.4718100800  -2.5055723550
C    0.8045296728   3.6386809023  -0.3209327583
H    1.3746284219   3.4196687847  -3.0541738072
C    0.4042355891   1.0821856482   0.8294529184
C    0.5278408245   3.5381136382   1.0298448757
C    0.2985110919   2.2474815142   1.6469560942
H    0.8583156252   4.6203393620  -0.8153379867
C   -0.1933581568  -0.1918137936   1.2777875956
H    0.3971066315   4.4386309226   1.6444744542
C   -0.0185158326   2.0780794517   3.0537309089
C   -0.2940963066  -0.3539479222   2.7045118007
C   -0.1859969976   0.8055609413   3.5741652141
C   -0.6406841813  -1.2992286132   0.3764908267
C   -0.4677641180  -1.6810579827   3.2597898647
H   -0.3118782390   0.6471864052   4.6622415537
C   -0.5075318891  -2.7716705204   2.4151972705
C   -0.6162804744  -2.6087527187   0.9732503052
C   -1.0747404378  -1.2127793088  -1.0599046248
H   -0.4902271254  -1.8011885522   4.3594278300
H   -0.5317964973  -3.8004406787   2.8171161370
C   -0.6692115831  -3.7985102492   0.1548775826
C   -0.7299040607  -3.6947278646  -1.2105542743
C   -0.9572363946  -2.4158445302  -1.8361884344
C   -1.6603553150  -0.0559022774  -1.7838349817
H   -0.5900869715  -4.7727402639   0.6536216477
C   -1.0751778339  -2.4061571739  -3.2741758221
C   -1.2845388496  -1.2404410041  -3.9487943624
C   -1.5986721100  -0.0447533937  -3.2169255979
C   -2.3599757955   1.0874102940  -1.1822619667
H   -0.9291641923  -3.3530492094  -3.8062350022
H   -1.2865300724  -1.2016753529  -5.0442835776
C   -1.8766690460   1.1576904793  -3.9607965854
C   -2.1730399750   2.3296243221  -3.3183128898
C   -2.4354681928   2.3176781383  -1.9041671508
C   -3.0134267224   1.0523691021   0.1189828442
H   -1.7776668411   1.1170720869  -5.0524296410
H   -2.2862507079   3.2706924255  -3.8681560777
C   -2.7902411617   3.5308729950  -1.2112182721
C   -3.0131353190   3.5227296276   0.1414997478
C   -3.1376670336   2.2729852102   0.8439994442
C   -3.5221312985  -0.1682426733   0.7303954527
H   -2.8015411487   4.4664967545  -1.7807701020
C   -3.3793626600   2.2196354006   2.2617498225
C   -3.4416236269   1.0101627523   2.9039565378
C   -3.5275363958  -0.2178188834   2.1537846623
H   -3.1687685535   4.4545515863   0.6978305638
C   -4.0082556551  -1.3360930053  -0.0116433062
H   -3.4307743664   3.1608892255   2.8209767139
H   -3.5021044267   0.9549166946   3.9962759540
C   -3.6079703954  -1.4977521022   2.8105260893
C   -3.6522685813  -2.6487501553   2.0689068074
C   -3.8842937754  -2.5989237104   0.6473046493
C   -4.6341868613  -1.3155092924  -1.3461207650
H   -3.5529543480  -1.5308395610   3.9042733939
H   -3.5976467491  -3.6339437044   2.5485813506
C   -3.9954344790  -3.8213923775  -0.1034833423
C   -4.2244523957  -3.7770933720  -1.4503797749
C   -4.5833676780  -2.5367530182  -2.0921314814
C   -5.3493300053  -0.1808227588  -1.9665640051
H   -3.8317398121  -4.7724911160   0.4185907413
H   -4.2215840163  -4.6889089002  -2.0574591298
C   -4.9022805420  -2.5574917291  -3.4984324087
C   -5.2485744892  -1.4032445515  -4.1482921969
C   -5.4993774878  -0.2023005950  -3.3992020676
C   -5.9588726890   0.9599793653  -1.2594651853
H   -4.8068905319  -3.5069416177  -4.0365397552
H   -5.4113743388  -1.3790374339  -5.2349129280
C   -5.9208955694   0.9723168428  -4.1309054006
C   -6.1643377956   2.1438510333  -3.4720779936
C   -6.2049816371   2.1581253884  -2.0247418662
C   -6.3577259574   0.9807084884   0.1735294833
H   -5.9856718519   0.9116694740  -5.2294842448
H   -6.4018592120   3.0706393124  -4.0209425242
C   -6.5147300295   3.4002594200  -1.3592043112
C   -6.4751541579   2.2531351067   0.8206824381
C   -6.5426996824   3.4685766578   0.0200646233
C   -6.6926074539  -0.2124113304   0.9919718549
H   -6.6670263100   4.2985169151  -1.9905936015
C   -6.5727189139   2.3122518369   2.2719347785
H   -6.6875792173   4.4273522366   0.5374438738
C   -6.4963737945   1.1646352278   3.0516953420
C   -6.5650509754  -0.1410925074   2.4257849001
C   -7.2507908458  -1.4597761578   0.4405434519
H   -6.6414001719   3.3068535361   2.7398290468
H   -6.4637769921   1.2166493629   4.1588280613
C   -6.5593628319  -1.3733542664   3.2100716039
C   -6.6714362714  -2.6000283239   2.5923374266
C   -7.0614207456  -2.6771827852   1.1826788954
C   -8.1275636808  -1.4973715820  -0.7643644641
H   -6.4004564314  -1.3049597176   4.3061514676
H   -6.5640829197  -3.5381664212   3.1769685632
C   -7.3312246662  -3.9321079965   0.5178440342
C   -8.2275654867  -2.7312412635  -1.4712977023
C   -7.7776725638  -3.9494881482  -0.8036716392
H   -7.1170602024  -4.8668726177   1.0727492646
C   -8.8085473296  -2.7322058866  -2.8219511086
H   -7.8960974075  -4.8976488135  -1.3454972792
C   -9.2811055504  -1.5628356658  -3.4112708673
C   -9.4199472314  -0.3633537308  -2.6229352052
H   -8.8182958954  -3.6736571384  -3.3827317019
H   -9.6474641940  -1.5361827422  -4.4697012901
H    5.9429271204  -4.3147949036  -0.2549213567
H    7.5549831094  -0.1230805492   4.9674439920
H    8.1335274558   5.1415092221   0.8370143756
H    4.6023945006   3.4567896381  -2.9624333632
H    3.9125580318   3.6236890610   3.8284223383
H    2.8833495744  -4.3587337002   1.7995447625
H    1.7845552766   1.2748981194  -4.2562508340
H   -0.0493707970   2.9690018276   3.7069109556
H   -0.6785723773  -4.5813363146  -1.8596819994
C   -8.9882256377  -0.3720339534  -1.2258120745
C   -10.0242434399   0.8292593469  -3.2202479689
C   -9.5025123720   0.6909234011  -0.3443843823
C   -10.2084700153   1.9492491470  -2.4521279003
C   -9.9923131574   1.8921652076  -0.9902537491
H   -10.2958921713   0.8311425525  -4.3095126372
C   -9.6594555730   0.5704588392   1.1736904888
H   -10.6017919880   2.8829730656  -2.9167829466
C   -10.3060705911   3.0488219325  -0.1691365103
C    8.2386089447  -1.1361590662  -3.6775357676
H    8.0193091680  -1.1709670269  -4.7778510108
C    9.0359916556  -0.9108957498  -0.8807188256
C    8.9851391485  -2.1808160000  -1.5834140593
C    8.5166561780  -2.2805472183  -2.9815405930
C    9.9673466903  -0.7915165917   0.3252290922
C    9.5037692787  -3.3672086225  -0.9293729896
H    8.5013613547  -3.2703046784  -3.4943219899
C    10.5347468851  -1.9796907290   0.9247480885
C    10.1997443625  -3.2794742377   0.3114409990
C   -10.1870163263   3.0031470186   1.2514971622
C   -9.9201091856   1.7440197221   1.9761341562
C   -9.6908880048  -0.6859279709   1.9085109883
H   -10.6142065678   3.9736898352  -0.7211750953
C    10.5200686569   0.4643897042   0.8159242956
H    9.3447535067  -4.3358469114  -1.4692179819
C    11.5349687509  -1.8643749326   2.0512324002
H    10.6052560254  -4.1737518356   0.8118910326
H   -10.3757237560   3.8935055291   1.8737844723
C   -9.9948970851   1.6437563513   3.4830977949
C    11.5319498193   0.5484622201   1.8792321811
C    12.0320570905  -0.6252586304   2.5286289830
C   -9.7987388307  -0.7644251987   3.3727301525
C   -9.9038043671   0.4133307938   4.1816680902
H   -9.6335083546  -1.6068537644   1.3076673217
H    10.1867210656   1.3809927429   0.3043480399
H    11.9450948015  -2.7852561052   2.5042059309
H   -10.1483833059   2.5627555728   4.0776560763
H    11.9665842366   1.5284633175   2.2082162098
H    12.8299179172  -0.5515279188   3.3763361454
H   -9.8017302338  -1.7467297494   3.9126846148
H   -9.9622613935   0.3397407236   5.3447312283
$end

$rem
   METHOD                     pbe0
   BASIS                      cc-pvdz
   SCF_CONVERGENCE            10
   THRESH                     14
   SYMMETRY                   true
   SYM_IGNORE                 false
   mem_total = 200000
$end
--------------------------------------------------------------
 ----------------------------------------------------------------
             Standard Nuclear Orientation (Angstroms)
    I     Atom           X                Y                Z
 ----------------------------------------------------------------
    1      C       8.3289975308     1.4920848172     0.8618681321
    2      C       8.1016701414     2.8673715697     1.3155996083
    3      C       7.8805524555     3.1364583185     2.7113110529
    4      C       7.9238155722     2.0855391557     3.6176920349
    5      C       7.9469094210     0.6856710699     3.1728981958
    6      C       7.9623970498     0.3624355775     1.7771561677
    7      C       7.6621453677    -1.0671331002     1.3946696175
    8      C       7.8736598889    -2.0862842886     2.4013487857
    9      C       7.9524027794    -3.5021806786     2.0465795088
   10      C       7.8784847808    -3.8896634774     0.7316058136
   11      C       7.5067899141    -2.9229902682    -0.2918635684
   12      C       7.2244038062    -1.5471323839     0.0574258611
   13      C       6.5533294690    -0.7091714052    -0.9763761893
   14      C       6.7054774780    -1.0858148289    -2.3493564578
   15      C       6.4117587493    -0.1075188744    -3.3912028898
   16      C       6.0457418059     1.1903070776    -3.0733585893
   17      C       5.7122829869     1.5365611894    -1.7108825066
   18      C       5.7734041366     0.5148471578    -0.7063315079
   19      C       5.0953551867     0.7803877329     0.5574303672
   20      C       5.3440933501     2.8861672433    -1.3220008469
   21      H       6.5671591716    -0.4039894345    -4.4380896570
   22      C       7.1482860746    -2.4310909137    -2.6787400332
   23      C       7.4284123806    -3.3486182028    -1.6758338477
   24      H       7.1965513977    -2.7142187980    -3.7417842443
   25      H       8.0445316910    -4.9461558556     0.4365978802
   26      H       8.1522088728    -4.2414584598     2.8503518029
   27      C       8.0328226683    -1.7141440793     3.7872729701
   28      C       7.9706377842    -0.3810144923     4.1667823241
   29      H       8.0034546140    -0.0873561461     5.2242535128
   30      H       7.8682512821     2.2785610137     4.6945601754
   31      H       7.7574154587     4.2043113892     3.0272552356
   32      C       4.9711418937     2.1346214370     0.9840525116
   33      C       5.1132362871     3.1908475744    -0.0019563741
   34      C       4.5491251700    -0.2645719412     1.4157459647
   35      H       5.3424247679     3.6768256973    -2.0915182616
   36      C       4.7063787947     2.3905471612     2.3788697999
   37      H       4.9585857614     4.2365767622     0.3119392712
   38      C       4.5049618114    -0.0193791931     2.8143608887
   39      C       4.6104966712     1.3476455149     3.2751713774
   40      C       4.0390665342    -1.5347095361     0.9138491982
   41      H       4.6605453708     3.4356961224     2.7175121438
   42      C       4.3496166328    -1.1415731098     3.7107489067
   43      C       4.0753239423    -2.6497628879     1.8038003801
   44      C       4.2586310439    -2.4185963135     3.2158871197
   45      C       3.4996101161    -1.7205014354    -0.4353190964
   46      H       4.3722852607    -0.9575781383     4.7907732164
   47      C       3.9284483966    -3.9807550566     1.2735773256
   48      H       4.2433982067    -3.2846683853     3.8900169002
   49      C       3.7817519801    -4.1669094135    -0.0764624119
   50      C       3.5515396148    -3.0488087416    -0.9598466968
   51      C       2.9543148566    -0.6522685108    -1.2920185641
   52      H       3.7733857935    -5.1738638846    -0.5084921617
   53      C       3.3939503736    -3.2693828574    -2.3736140077
   54      C       3.2351924318    -2.2068919252    -3.2200935542
   55      C       3.0020060381    -0.8816892917    -2.7024191215
   56      C       2.4123233641     0.6488306373    -0.8415849237
   57      H       3.4783304711    -4.2927544278    -2.7546915243
   58      H       3.2209512522    -2.3460966474    -4.3072611980
   59      C       2.8444079318     0.2169378283    -3.6211260635
   60      C       2.4638003117     1.7423682848    -1.7549511770
   61      C       2.6956316166     1.4958499995    -3.1575005072
   62      C       1.8083704157     0.9383322762     0.4680417048
   63      C       2.2846337915     3.0905339337    -1.2669600977
   64      H       2.6829811469     2.3484927279    -3.8451145277
   65      C       2.1046407265     3.3481217606     0.0693470662
   66      C       1.8449200052     2.2640637686     0.9821997934
   67      C       1.1235021410    -0.0503402375     1.2828072993
   68      H       2.3748558809     3.9109924628    -1.9878820622
   69      H       2.0817924829     4.3769344364     0.4500172360
   70      C       1.6001043461     2.4714605049     2.3909148812
   71      C       1.1012591985     0.1016123023     2.6957910427
   72      C       1.3676577547     1.4137392960     3.2361084183
   73      C       0.7949172184    -1.0624389668     3.4958891859
   74      H       1.2972373178     1.5667331825     4.3197300986
   75      C       0.4239435092    -1.1824289888     0.6910235127
   76      C       0.5517819322    -2.2836043696     2.8951304976
   77      C       0.3381625627    -2.3785028996     1.4652666245
   78      H       0.8361711823    -0.9698097271     4.5916540897
   79      C      -0.1620099756    -1.1354735489    -0.6638383053
   80      H       0.4360509021    -3.1931528956     3.4993822126
   81      C       0.0561071952    -3.6267755881     0.7793522174
   82      C      -0.2273510321    -2.4000170300    -1.3484096593
   83      C      -0.0980810334    -3.6373938383    -0.5969901851
   84      C      -0.6312007197     0.1040131522    -1.3583430094
   85      C      -0.3868460660    -2.4226736714    -2.7884663806
   86      H      -0.1969422592    -4.5899234441    -1.1517446438
   87      C      -0.4472044091    -1.2327296981    -3.4847020046
   88      C      -0.5916629563     0.0408472624    -2.7957078324
   89      C      -1.1007083046     1.3935967212    -0.7454424828
   90      H      -0.3820452768    -3.3978577285    -3.3110872779
   91      H      -0.4612224799    -1.2213172408    -4.5893145315
   92      C      -0.6645036384     1.2432466330    -3.5938234791
   93      C      -0.7590099514     2.4690861421    -2.9878164076
   94      C      -1.0021203662     2.5658421092    -1.5700095504
   95      C      -1.7043906325     1.6189183759     0.5925344268
   96      H      -0.5727824517     1.1468549819    -4.6830554753
   97      C      -1.1556278786     3.8928258665    -1.0247010995
   98      C      -1.3819533736     4.0777206643     0.3066242110
   99      C      -1.6782077444     2.9449209601     1.1390775932
  100      C      -2.3892250114     0.6176995118     1.4214404557
  101      H      -1.0225649036     4.7435025029    -1.7026797028
  102      H      -1.4110753315     5.0789189540     0.7519973776
  103      C      -1.9748728852     3.1787264638     2.5296970202
  104      C      -2.2555765558     2.1380913493     3.3736958154
  105      C      -2.4829117072     0.8253642702     2.8315834686
  106      C      -3.0102515540    -0.5906486357     0.8963834640
  107      H      -1.9029146071     4.2083369402     2.9009628166
  108      H      -2.3826291339     2.2934812413     4.4509446262
  109      C      -2.8207617668    -0.2788232316     3.6944340156
  110      C      -3.0100967783    -1.5351127179     3.1791834542
  111      C      -3.1168478215    -1.7220748011     1.7563255996
  112      C      -3.5033208785    -0.7128273475    -0.4690665839
  113      H      -2.8464212246    -0.1007947304     4.7749691798
  114      C      -3.3233558673    -3.0221906691     1.1746622348
  115      C      -3.3693592057    -3.1668822528    -0.1877173080
  116      C      -3.4734722874    -2.0141816746    -1.0470889317
  117      H      -3.1521712838    -2.4028796253     3.8340218103
  118      C      -4.0073384167     0.4007036273    -1.2795157785
  119      H      -3.3611717445    -3.8937870004     1.8381578544
  120      H      -3.4027639643    -4.1604078522    -0.6477855273
  121      C      -3.5372634657    -2.1464221263    -2.4804245949
  122      C      -3.5995846147    -1.0294821920    -3.2711959046
  123      C      -3.8667465474     0.2646948785    -2.6958688037
  124      C      -4.6661205026     1.6160285047    -0.7676219830
  125      H      -3.4551776555    -3.1469162771    -2.9193757149
  126      H      -3.5328277109    -1.1046536969    -4.3637023356
  127      C      -3.9960966323     1.4153289730    -3.5501370535
  128      C      -4.2584012059     2.6423742058    -3.0078291010
  129      C      -4.6334424214     2.7654769266    -1.6209983857
  130      C      -5.3967231829     1.7507327868     0.5098628662
  131      H      -3.8192602423     1.2905906026    -4.6258300084
  132      H      -4.2703067042     3.5462237163    -3.6265984035
  133      C      -4.9870667626     4.0698629605    -1.1176647917
  134      C      -5.3496670539     4.2329596009     0.1924666154
  135      C      -5.5821857117     3.0836745537     1.0239613577
  136      C      -5.9888942238     0.6546678582     1.2978575625
  137      H      -4.9047609143     4.9259466954    -1.7962370042
  138      H      -5.5393247040     5.2277025616     0.6194921494
  139      C      -6.0220189595     3.3133213318     2.3828588731
  140      C      -6.2494054264     2.2588915010     3.2208822354
  141      C      -6.2542098735     0.9106563846     2.6927946169
  142      C      -6.3521551538    -0.6908704035     0.7777079403
  143      H      -6.1139552928     4.3531168192     2.7365856068
  144      H      -6.5007023437     2.4158715102     4.2833380447
  145      C      -6.5477358953    -0.1779057428     3.5931591127
  146      C      -6.4538835830    -1.7693161161     1.7148696125
  147      C      -6.5415703245    -1.4829443044     3.1407558871
  148      C      -6.6663370755    -1.0113124987    -0.6379668169
  149      H      -6.7158688081     0.0682059040     4.6608076979
  150      C      -6.5155071423    -3.1392485455     1.2263671040
  151      H      -6.6738663022    -2.3244266927     3.8352536506
  152      C      -6.4195589088    -3.4314380924    -0.1287337042
  153      C      -6.5033435696    -2.3644918048    -1.1064919079
  154      C      -7.2376503823    -0.0464342889    -1.5940903136
  155      H      -6.5728633382    -3.9465011823     1.9733129846
  156      H      -6.3595780026    -4.4766725237    -0.4939708250
  157      C      -6.4778948237    -2.6308466738    -2.5424635220
  158      C      -6.6048822333    -1.6020290664    -3.4503697625
  159      C      -7.0296236733    -0.2750621461    -2.9987821442
  160      C      -8.1439731776     1.0647719066    -1.1869700759
  161      H      -6.2919212682    -3.6690700895    -2.8871751432
  162      H      -6.4828248369    -1.7909036468    -4.5379587393
  163      C      -7.3154513259     0.8043843308    -3.9167879671
  164      C      -8.2610988871     2.1792609805    -2.0680972107
  165      C      -7.7944735668     2.0259868890    -3.4432413987
  166      H      -7.0873524145     0.6442516499    -4.9891216561
  167      C      -8.8753397940     3.4186678307    -1.5697156056
  168      H      -7.9260094460     2.8801492328    -4.1212628716
  169      C      -9.3626711458     3.5170918164    -0.2693861720
  170      C      -9.4822908133     2.3345239418     0.5471500477
  171      H      -8.8987038504     4.2903806758    -2.2333956523
  172      H      -9.7551279878     4.4801297479     0.1474346092
  173      H       5.9356081159     1.9673634323    -3.8565837143
  174      H       7.6752797977    -4.4051211408    -1.9053593857
  175      H       8.1499129745    -2.5304362324     4.5266968702
  176      H       4.5262747379     1.5415675025     4.3505870841
  177      H       4.0047205119    -4.8330765073     1.9607448575
  178      H       2.9278421062     0.0089605247    -4.6943056822
  179      H       1.6778818365     3.4925326977     2.7836713794
  180      H       0.0411818473    -4.5661979877     1.3612471144
  181      H      -0.7235150518     3.4036064040    -3.5670299097
  182      C      -9.0161112670     1.0522247821     0.0210346435
  183      C     -10.1015241795     2.4286582107     1.8707705281
  184      C      -9.5087179198    -0.1741968070     0.6725810583
  185      C     -10.2669929655     1.2935166051     2.6207029512
  186      C     -10.0146954734    -0.0356499710     2.0234420488
  187      H     -10.4000565295     3.4317109953     2.2770433978
  188      C      -9.6279969840    -1.5403042073    -0.0080196092
  189      H     -10.6719599000     1.3662635881     3.6566356233
  190      C     -10.3083536901    -1.2365997628     2.7863420918
  191      C       8.1449614213     4.0048846764     0.3925850729
  192      H       7.8984987136     5.0330977632     0.7694558765
  193      C       9.0112757696     1.3456832475    -0.4362061954
  194      C       8.9433993387     2.4708444277    -1.3518857898
  195      C       8.4404752983     3.7937654764    -0.9262947630
  196      C       9.9721668056     0.2041838386    -0.7673428454
  197      C       9.4783955313     2.3198280603    -2.6917542603
  198      H       8.4127685458     4.6389069523    -1.6527703263
  199      C      10.5545688393     0.1055010646    -2.0880219775
  200      C      10.2048508177     1.1524519848    -3.0675119069
  201      C     -10.1541532005    -2.5340130691     2.2141523776
  202      C      -9.8690346981    -2.7290460754     0.7780432906
  203      C      -9.6408752667    -1.7526228415    -1.4482320687
  204      H     -10.6303215613    -1.0775727798     3.8475311068
  205      C      10.5365144215    -0.7077008000     0.2193496869
  206      H       9.3063359524     3.1788821592    -3.3898948783
  207      C      11.5823394991    -0.9592265243    -2.3925725486
  208      H      10.6228787824     1.0320467292    -4.0801211910
  209      H     -10.3276472645    -3.4481888284     2.8055682704
  210      C      -9.9064643937    -4.0905260046     0.1211134603
  211      C      11.5743855551    -1.7019038305    -0.0904553778
  212      C      12.0907460310    -1.8537749889    -1.4170114958
  213      C      -9.7124220713    -3.0833635077    -2.0693131505
  214      C      -9.7977598044    -4.2761391367    -1.2803059883
  215      H      -9.5981292705    -0.8499030867    -2.0772628129
  216      H      10.1903466904    -0.5836767288     1.2575105340
  217      H      12.0038125595    -1.0255598486    -3.4120679534
  218      H     -10.0454425640    -4.9888942945     0.7497919336
  219      H      12.0167559274    -2.3633963620     0.6996558823
  220      H      12.9093278227    -2.6490983245    -1.6578645463
  221      H      -9.7017692358    -3.2168234537    -3.1822178904
  222      H      -9.8273848913    -5.3283537560    -1.7838090516
 ----------------------------------------------------------------
 Molecular Point Group                 C1    NOp =  1
 Largest Abelian Subgroup              C1    NOp =  1
 Nuclear Repulsion Energy =       36027.64877466 hartrees
