$molecule
 0 1
         O      -0.3057000000    -1.1755000000     1.0858000000
         O       0.1485000000     0.9800000000     1.5270000000
         N       0.0989000000    -1.1433000000    -1.3048000000
         C       0.0412000000    -0.0043000000     0.8384000000
         C       0.4103000000     0.1959000000    -0.6758000000
         C      -0.3483000000     1.3307000000    -1.3387000000
         H       1.4777000000     0.3458000000    -0.7585000000
         H      -0.1648000000    -1.6592000000    -0.4104000000
         H      -0.6826000000    -1.1162000000    -1.9369000000
         H       0.8764000000    -1.5767000000    -1.7701000000
         H      -1.4202000000     1.1587000000    -1.2983000000
         H      -0.1419000000     2.2360000000    -0.7864000000
         H      -0.0534000000     1.4738000000    -2.3743000000
$end

$rem
   METHOD                     hf
   BASIS                      aug-cc-pcvqz
   SCF_CONVERGENCE            10
   THRESH                     14
   SYMMETRY                   FALSE
   SYM_IGNORE                 FALSE
   MAX_SCF_CYCLES = 900
   mem_total =50000
$end

--------------------------------------------------------------
 ----------------------------------------------------------------
             Standard Nuclear Orientation (Angstroms)
    I     Atom           X                Y                Z
 ----------------------------------------------------------------
    1      O       1.2202638034    -1.1364362380     0.3353891456
    2      O       1.5897680146     1.0235171699    -0.1597908656
    3      N      -1.1673251022    -1.1951781987    -0.0837468227
    4      C       0.9348631784     0.0183037297    -0.0366026556
    5      C      -0.5828972413     0.1584961287    -0.4185265874
    6      C      -1.2895175002     1.2846279856     0.3130445031
    7      H      -0.6637367162     0.2840198007    -1.4892090086
    8      H      -0.2573965238    -1.6743991676     0.1955721798
    9      H      -1.8050830210    -1.1743331910     0.6933357937
   10      H      -1.6122929969    -1.6599302442    -0.8550152642
   11      H      -1.2502185981     1.1356469777     1.3884263077
   12      H      -0.7674536022     2.2041973853     0.0915817622
   13      H      -2.3274879919     1.3858313107     0.0092581879
 ----------------------------------------------------------------
 Molecular Point Group                 C1    NOp =  1
 Largest Abelian Subgroup              C1    NOp =  1
 Nuclear Repulsion Energy =         252.91535205 hartrees
