$molecule
 0 1
C  -0.398005749  -1.324132258   0.000000000
C  -1.345735047  -0.317383039   0.000000000
C  -0.947729299   1.006749218   0.000000000
C   0.398005749   1.324132258   0.000000000
C   1.345735047   0.317383039   0.000000000
C   0.947729299  -1.006749218   0.000000000
H  -0.706997640  -2.352122762   0.000000000
H  -2.390496885  -0.563783464   0.000000000
H  -1.683499245   1.788339298   0.000000000
H   0.706997640   2.352122762   0.000000000
H   2.390496885   0.563783464   0.000000000
H   1.683499245  -1.788339298   0.000000000
$end

$rem
   METHOD                     hf
   BASIS                      aug-cc-pcvqz
   SCF_CONVERGENCE            10
   THRESH                     14
   SYMMETRY                   FALSE
   SYM_IGNORE                 true
   MAX_SCF_CYCLES = 900
   mem_total =20000
$end

--------------------------------------------------------------
 ----------------------------------------------------------------
             Standard Nuclear Orientation (Angstroms)
    I     Atom           X                Y                Z
 ----------------------------------------------------------------
    1      C      -0.3980057490    -1.3241322580     0.0000000000
    2      C      -1.3457350470    -0.3173830390     0.0000000000
    3      C      -0.9477292990     1.0067492180     0.0000000000
    4      C       0.3980057490     1.3241322580     0.0000000000
    5      C       1.3457350470     0.3173830390     0.0000000000
    6      C       0.9477292990    -1.0067492180     0.0000000000
    7      H      -0.7069976400    -2.3521227620     0.0000000000
    8      H      -2.3904968850    -0.5637834640     0.0000000000
    9      H      -1.6834992450     1.7883392980     0.0000000000
   10      H       0.7069976400     2.3521227620     0.0000000000
   11      H       2.3904968850     0.5637834640     0.0000000000
   12      H       1.6834992450    -1.7883392980     0.0000000000
 ----------------------------------------------------------------
 Nuclear Repulsion Energy =         205.31673883 hartrees
