$molecule
 0 1
C	-0.43175761	-1.33012907	0.06591738
C	-1.35686193	-0.30529326	-0.00649514
C	-0.95376512	1.03657205	-0.07479956
C	0.43175761	1.33012907	0.09667202
C	1.35686193	0.30529326	-0.03724978
C	0.95376512	-1.03657205	-0.04404492
H	-0.74071833	-2.34345270	0.15011183
H	-2.36841189	-0.57087380	-0.01839406
H	-1.71003401	1.80629630	-0.16180709
H	0.74071833	2.34345270	0.21029047
H	2.36841189	0.57087380	-0.07857270
H	1.71003401	-1.80629630	-0.10162846
$end

$rem
   METHOD                     hf
   BASIS                      aug-cc-pcvqz
   SCF_CONVERGENCE            10
   THRESH                     14
   SYMMETRY                   FALSE
   SYM_IGNORE                 true
   MAX_SCF_CYCLES = 900
   mem_total =20000
$end

--------------------------------------------------------------
 ----------------------------------------------------------------
             Standard Nuclear Orientation (Angstroms)
    I     Atom           X                Y                Z
 ----------------------------------------------------------------
    1      C      -0.4317576100    -1.3301290700     0.0659173800
    2      C      -1.3568619300    -0.3052932600    -0.0064951400
    3      C      -0.9537651200     1.0365720500    -0.0747995600
    4      C       0.4317576100     1.3301290700     0.0966720200
    5      C       1.3568619300     0.3052932600    -0.0372497800
    6      C       0.9537651200    -1.0365720500    -0.0440449200
    7      H      -0.7407183300    -2.3434527000     0.1501118300
    8      H      -2.3684118900    -0.5708738000    -0.0183940600
    9      H      -1.7100340100     1.8062963000    -0.1618070900
   10      H       0.7407183300     2.3434527000     0.2102904700
   11      H       2.3684118900     0.5708738000    -0.0785727000
   12      H       1.7100340100    -1.8062963000    -0.1016284600
 ----------------------------------------------------------------
 Nuclear Repulsion Energy =         203.20332075 hartrees
