$molecule
 0 1
O  -0.8099588980  -0.7669728115   0.2514140234
C   0.1434631146  -0.0479102541  -0.4799549998
C  -1.0402371364   0.6007380376   0.0509598964
H  -0.9620263865   1.2129581815   0.9324975345
H  -1.8654247878   0.8371627594  -0.5973207786
H   0.1473785419  -0.2873606294  -1.5308653291
C   1.5006899022   0.1052249595   0.1438068889
H   1.4140710319   0.3484945227   1.1949307384
H   2.0578971250   0.8923620547  -0.3520954572
H   2.0642803768  -0.8161508557   0.0526703914
$end

$rem
   METHOD                     hf
   BASIS                      aug-cc-pcvqz
   SCF_CONVERGENCE            10
   THRESH                     14
   SYMMETRY                   FALSE
   SYM_IGNORE                 true
   MAX_SCF_CYCLES = 900
   mem_total =20000
$end

--------------------------------------------------------------
 ----------------------------------------------------------------
             Standard Nuclear Orientation (Angstroms)
    I     Atom           X                Y                Z
 ----------------------------------------------------------------
    1      O      -0.8099588980    -0.7669728115     0.2514140234
    2      C       0.1434631146    -0.0479102541    -0.4799549998
    3      C      -1.0402371364     0.6007380376     0.0509598964
    4      H      -0.9620263865     1.2129581815     0.9324975345
    5      H      -1.8654247878     0.8371627594    -0.5973207786
    6      H       0.1473785419    -0.2873606294    -1.5308653291
    7      C       1.5006899022     0.1052249595     0.1438068889
    8      H       1.4140710319     0.3484945227     1.1949307384
    9      H       2.0578971250     0.8923620547    -0.3520954572
   10      H       2.0642803768    -0.8161508557     0.0526703914
 ----------------------------------------------------------------
 Nuclear Repulsion Energy =         126.21770512 hartrees
