$molecule
 0 1
         C      -1.6410355395    -0.4123670079     0.0861560177
         C      -2.3124468937     0.0328704818    -1.2108379400
         N      -2.3273678705     0.2052653448     1.2114651925
         C      -0.1343943397    -0.1827017619     0.0463566613
         C       0.7317568725    -1.2549011934    -0.0828180539
         H       0.3352960830    -2.2519159154    -0.1400407127
         C       2.1024900259    -1.0661609258    -0.1365854623
         H       2.7534360462    -1.9142193399    -0.2347184463
         C       2.6297480908     0.2057278192    -0.0599327683
         H       3.6915314628     0.3565412916    -0.0988176007
         C       1.7756154654     1.2869647800     0.0709300114
         H       2.1749472258     2.2817015468     0.1321857968
         C       0.4108197239     1.0929546191     0.1233250661
         H      -0.2322226166     1.9468980058     0.2267189338
         H      -1.7940513000    -1.4806017019     0.1832028320
         H      -2.2071359987     1.1033240318    -1.3551252052
         H      -3.3685267114    -0.2024980159    -1.1792971620
         H      -1.8668619291    -0.4603038745    -2.0654617673
         H      -2.3313276358     1.2005772878     1.1374308485
         H      -1.8855611408    -0.0282720680     2.0754402340
$end

$rem
   METHOD                     hf
   BASIS                      aug-cc-pcvqz
   SCF_CONVERGENCE            10
   THRESH                     14
   SYMMETRY                   FALSE
   SYM_IGNORE                 true
   MAX_SCF_CYCLES = 900
   mem_total =20000
$end

--------------------------------------------------------------
 ----------------------------------------------------------------
             Standard Nuclear Orientation (Angstroms)
    I     Atom           X                Y                Z
 ----------------------------------------------------------------
    1      C      -1.6410355395    -0.4123670079     0.0861560177
    2      C      -2.3124468937     0.0328704818    -1.2108379400
    3      N      -2.3273678705     0.2052653448     1.2114651925
    4      C      -0.1343943397    -0.1827017619     0.0463566613
    5      C       0.7317568725    -1.2549011934    -0.0828180539
    6      H       0.3352960830    -2.2519159154    -0.1400407127
    7      C       2.1024900259    -1.0661609258    -0.1365854623
    8      H       2.7534360462    -1.9142193399    -0.2347184463
    9      C       2.6297480908     0.2057278192    -0.0599327683
   10      H       3.6915314628     0.3565412916    -0.0988176007
   11      C       1.7756154654     1.2869647800     0.0709300114
   12      H       2.1749472258     2.2817015468     0.1321857968
   13      C       0.4108197239     1.0929546191     0.1233250661
   14      H      -0.2322226166     1.9468980058     0.2267189338
   15      H      -1.7940513000    -1.4806017019     0.1832028320
   16      H      -2.2071359987     1.1033240318    -1.3551252052
   17      H      -3.3685267114    -0.2024980159    -1.1792971620
   18      H      -1.8668619291    -0.4603038745    -2.0654617673
   19      H      -2.3313276358     1.2005772878     1.1374308485
   20      H      -1.8855611408    -0.0282720680     2.0754402340
 ----------------------------------------------------------------
 Nuclear Repulsion Energy =         426.76213611 hartrees
